// Jest Snapshot v1, https://goo.gl/fbAQLP

exports[`should correctly render LoadingPage 1`] = `
<Loader>
  <Loader__Image
    alt="load spinner"
    src="images/loader.gif"
  />
</Loader>
`;
