// Jest Snapshot v1, https://goo.gl/fbAQLP

exports[`should correctly render LoginPage 1`] = `
<ForwardRef>
  <ForwardRef>
    <ForwardRef>
      Denuncia Per√∫ App
    </ForwardRef>
    <ForwardRef
      onClick={[Function]}
    >
      Login con Google
    </ForwardRef>
    <p>
      Haz tu denuncia, no calles!.
    </p>
  </ForwardRef>
</ForwardRef>
`;
